213.255.128.166 - - [11/Feb/2023:14:45:02 +0000] "GET / HTTP/1.1" 200 18589 "-" "Mozilla/5.0 (Windows NT 10.0; Win64; x64) AppleWebKit/537.36 (KHTML, like Gecko) Chrome/110.0.0.0 Safari/537.36"
213.255.128.166 - - [11/Feb/2023:14:45:04 +0000] "GET /favicon.ico HTTP/1.1" 200 0 "http://138.68.128.129/" "Mozilla/5.0 (Windows NT 10.0; Win64; x64) AppleWebKit/537.36 (KHTML, like Gecko) Chrome/110.0.0.0 Safari/537.36"
213.255.128.166 - - [11/Feb/2023:14:45:28 +0000] "GET / HTTP/1.1" 200 18589 "-" "Mozilla/5.0 (Windows NT 10.0; Win64; x64) AppleWebKit/537.36 (KHTML, like Gecko) Chrome/110.0.0.0 Safari/537.36"
185.224.128.219 - - [11/Feb/2023:14:48:22 +0000] "GET /admin/config.php HTTP/1.1" 404 153 "-" "python-requests/2.22.0"
45.79.181.251 - - [11/Feb/2023:14:50:59 +0000] "\x16\x03\x01\x00\x85\x01\x00\x00\x81\x03\x03@\x82\xA9\x93\xC6\xB7\x8E\xB7\xC9\x9D\x90\x9Ck\xF2\x9F\xF3\xD7\xCCY\xDC\xF9\x7F\xD7\xB1\xD7\xA8\xAE\x03\x0F7\xD0O\x00\x00 \xC0/\xC00\xC0+\xC0,\xCC\xA8\xCC\xA9\xC0\x13\xC0\x09\xC0\x14\xC0" 400 157 "-" "-"
64.62.197.145 - - [11/Feb/2023:14:53:16 +0000] "GET / HTTP/1.1" 200 18589 "-" "Mozilla/5.0 (Macintosh; Intel Mac OS X 10_15_2) AppleWebKit/537.36 (KHTML, like Gecko) Chrome/79.0.3945.88 Safari/537.36"
64.62.197.148 - - [11/Feb/2023:14:54:24 +0000] "GET /favicon.ico HTTP/1.1" 200 0 "-" "Mozilla/5.0 (Macintosh; Intel Mac OS X 10_15_7) AppleWebKit/605.1.15 (KHTML, like Gecko) Version/16.0 Safari/605.1.15"
143.110.222.166 - - [11/Feb/2023:14:56:55 +0000] "GET / HTTP/1.1" 200 18589 "-" "Mozilla/5.0 (iPhone; CPU iPhone OS 16_1 like Mac OS X) AppleWebKit/605.1.15 (KHTML, like Gecko) Version/16.1 Mobile/15E148 Safari/604.1"
193.32.162.159 - - [11/Feb/2023:15:09:38 +0000] "GET / HTTP/1.1" 200 18589 "-" "Mozilla/5.0 (Windows NT 10.0; Win64; x64) AppleWebKit/537.36 (KHTML, like Gecko) Chrome/90.0.4430.85 Safari/537.36 Edg/90.0.818.46"
45.2.255.121 - - [11/Feb/2023:15:16:20 +0000] "GET / HTTP/1.1" 200 18589 "-" "Mozilla/5.0 (Windows NT 6.1; WOW64) AppleWebKit/537.36 (KHTML, like Gecko) Chrome/52.0.2743.116 Safari/537.36"
50.31.21.10 - - [11/Feb/2023:15:33:54 +0000] "GET / HTTP/1.0" 200 18561 "-" "-"
50.31.21.10 - - [11/Feb/2023:15:35:50 +0000] "GET /nmaplowercheck1676129749 HTTP/1.1" 404 6622 "-" "Mozilla/5.0 (compatible; MSIE 10.0; Windows NT 6.3; WOW64; Trident/6.0)"
50.31.21.10 - - [11/Feb/2023:15:35:50 +0000] "HEAD / HTTP/1.1" 200 0 "-" "Mozilla/5.0 (compatible; MSIE 10.0; Windows NT 6.3; WOW64; Trident/6.0)"
50.31.21.10 - - [11/Feb/2023:15:35:50 +0000] "GET / HTTP/1.0" 200 18561 "-" "-"
50.31.21.10 - - [11/Feb/2023:15:35:51 +0000] "GET /HNAP1 HTTP/1.1" 404 6622 "-" "Mozilla/5.0 (compatible; MSIE 10.0; Windows NT 6.3; WOW64; Trident/6.0)"
50.31.21.10 - - [11/Feb/2023:15:35:51 +0000] "GET / HTTP/1.1" 200 18589 "-" "-"
50.31.21.10 - - [11/Feb/2023:15:35:51 +0000] "POST /sdk HTTP/1.1" 404 6622 "-" "Mozilla/5.0 (compatible; MSIE 10.0; Windows NT 6.3; WOW64; Trident/6.0)"
50.31.21.10 - - [11/Feb/2023:15:35:52 +0000] "GET /evox/about HTTP/1.1" 404 6622 "-" "Mozilla/5.0 (compatible; MSIE 10.0; Windows NT 6.3; WOW64; Trident/6.0)"
185.224.128.224 - - [11/Feb/2023:16:12:49 +0000] "GET / HTTP/1.1" 200 18589 "-" "libwww-perl/6.67"
143.110.222.166 - - [11/Feb/2023:16:16:57 +0000] "GET / HTTP/1.1" 200 18589 "-" "Mozilla/5.0 (iPhone; CPU iPhone OS 16_1 like Mac OS X) AppleWebKit/605.1.15 (KHTML, like Gecko) Version/16.1 Mobile/15E148 Safari/604.1"
193.32.162.159 - - [11/Feb/2023:16:28:07 +0000] "GET / HTTP/1.1" 200 18589 "-" "Mozilla/5.0 (Windows NT 10.0; Win64; x64) AppleWebKit/537.36 (KHTML, like Gecko) Chrome/90.0.4430.85 Safari/537.36 Edg/90.0.818.46"
45.79.181.251 - - [11/Feb/2023:16:47:26 +0000] "\x16\x03\x01\x00\x85\x01\x00\x00\x81\x03\x03A\xC1P\x83\x86\xC6\xB5\x15\x97\x80\xED\x98\x1F \xCD\xAE\x0C\xC7k\x06@2\x14\xC0\xE5?\xE6\x87\xF9 :\xDB\x00\x00 \xC0/\xC00\xC0+\xC0,\xCC\xA8\xCC\xA9\xC0\x13\xC0\x09\xC0\x14\xC0" 400 157 "-" "-"
143.110.222.166 - - [11/Feb/2023:17:07:57 +0000] "GET / HTTP/1.1" 200 18589 "-" "Mozilla/5.0 (iPhone; CPU iPhone OS 16_1 like Mac OS X) AppleWebKit/605.1.15 (KHTML, like Gecko) Version/16.1 Mobile/15E148 Safari/604.1"
109.237.97.141 - - [11/Feb/2023:17:10:45 +0000] "POST /_ignition/execute-solution HTTP/1.1" 403 6666 "-" "Mozilla/5.0 (Windows NT 10.0; Win64; x64) AppleWebKit/537.36 (KHTML, like Gecko) Chrome/78.0.3904.108 Safari/537.36"
109.237.97.141 - - [11/Feb/2023:17:10:46 +0000] "POST /_ignition/execute-solution HTTP/1.1" 403 6666 "-" "Mozilla/5.0 (Windows NT 10.0; Win64; x64) AppleWebKit/537.36 (KHTML, like Gecko) Chrome/78.0.3904.108 Safari/537.36"
109.237.97.141 - - [11/Feb/2023:17:10:48 +0000] "POST /_ignition/execute-solution HTTP/1.1" 403 6666 "-" "Mozilla/5.0 (Windows NT 10.0; Win64; x64) AppleWebKit/537.36 (KHTML, like Gecko) Chrome/78.0.3904.108 Safari/537.36"
109.237.97.141 - - [11/Feb/2023:17:10:51 +0000] "POST /_ignition/execute-solution HTTP/1.1" 403 6666 "-" "Mozilla/5.0 (Windows NT 10.0; Win64; x64) AppleWebKit/537.36 (KHTML, like Gecko) Chrome/78.0.3904.108 Safari/537.36"
109.237.97.141 - - [11/Feb/2023:17:10:57 +0000] "POST /_ignition/execute-solution HTTP/1.1" 403 6666 "-" "Mozilla/5.0 (Windows NT 10.0; Win64; x64) AppleWebKit/537.36 (KHTML, like Gecko) Chrome/78.0.3904.108 Safari/537.36"
109.237.97.141 - - [11/Feb/2023:17:11:00 +0000] "POST /_ignition/execute-solution HTTP/1.1" 403 6666 "-" "Mozilla/5.0 (Windows NT 10.0; Win64; x64) AppleWebKit/537.36 (KHTML, like Gecko) Chrome/78.0.3904.108 Safari/537.36"
109.237.97.141 - - [11/Feb/2023:17:11:02 +0000] "POST /_ignition/execute-solution HTTP/1.1" 403 6666 "-" "Mozilla/5.0 (Windows NT 10.0; Win64; x64) AppleWebKit/537.36 (KHTML, like Gecko) Chrome/78.0.3904.108 Safari/537.36"
109.237.97.141 - - [11/Feb/2023:17:11:03 +0000] "POST /_ignition/execute-solution HTTP/1.1" 403 6666 "-" "Mozilla/5.0 (Windows NT 10.0; Win64; x64) AppleWebKit/537.36 (KHTML, like Gecko) Chrome/78.0.3904.108 Safari/537.36"
109.237.97.141 - - [11/Feb/2023:17:11:12 +0000] "POST /_ignition/execute-solution HTTP/1.1" 403 6666 "-" "Mozilla/5.0 (Windows NT 10.0; Win64; x64) AppleWebKit/537.36 (KHTML, like Gecko) Chrome/78.0.3904.108 Safari/537.36"
109.237.97.141 - - [11/Feb/2023:17:11:15 +0000] "POST /_ignition/execute-solution HTTP/1.1" 403 6666 "-" "Mozilla/5.0 (Windows NT 10.0; Win64; x64) AppleWebKit/537.36 (KHTML, like Gecko) Chrome/78.0.3904.108 Safari/537.36"
109.237.97.141 - - [11/Feb/2023:17:11:16 +0000] "POST /_ignition/execute-solution HTTP/1.1" 403 6666 "-" "Mozilla/5.0 (Windows NT 10.0; Win64; x64) AppleWebKit/537.36 (KHTML, like Gecko) Chrome/78.0.3904.108 Safari/537.36"
109.237.97.141 - - [11/Feb/2023:17:11:17 +0000] "POST /_ignition/execute-solution HTTP/1.1" 403 6666 "-" "Mozilla/5.0 (Windows NT 10.0; Win64; x64) AppleWebKit/537.36 (KHTML, like Gecko) Chrome/78.0.3904.108 Safari/537.36"
212.83.180.245 - - [11/Feb/2023:17:28:18 +0000] "GET / HTTP/1.1" 200 18589 "-" "-"
167.172.175.228 - - [11/Feb/2023:17:32:02 +0000] "GET / HTTP/1.1" 200 18589 "-" "Linux Gnu (cow)"
143.110.222.166 - - [11/Feb/2023:18:12:40 +0000] "GET / HTTP/1.1" 200 18589 "-" "Mozilla/5.0 (iPhone; CPU iPhone OS 16_1 like Mac OS X) AppleWebKit/605.1.15 (KHTML, like Gecko) Version/16.1 Mobile/15E148 Safari/604.1"
185.246.220.98 - - [11/Feb/2023:18:40:02 +0000] "POST /boaform/admin/formLogin HTTP/1.1" 404 6622 "http://138.68.128.129:80/admin/login.asp" "Mozilla/5.0 (X11; Ubuntu; Linux x86_64; rv:71.0) Gecko/20100101 Firefox/71.0"
185.246.220.98 - - [11/Feb/2023:18:40:02 +0000] "" 400 0 "-" "-"
94.102.61.10 - - [11/Feb/2023:18:43:15 +0000] "GET / HTTP/1.1" 200 18589 "-" "Mozilla/5.0 (Windows NT 10.0; Win64; x64) AppleWebKit/537.36 (KHTML, like Gecko) Chrome/88.0.4324.190 Safari/537.36"
172.105.128.13 - - [11/Feb/2023:18:47:12 +0000] "\x16\x03\x01\x00\x85\x01\x00\x00\x81\x03\x03\x7F\xCB\x7F\xDD\x0B\xD7\xD7\x90\xB4\x00W@\xC7\xCE&\xDFiSM\xB9\x04Ec\x85\xE3\x7F\xBB\x17\xB5\xEE\x1C\xFB\x00\x00 \xC0/\xC00\xC0+\xC0,\xCC\xA8\xCC\xA9\xC0\x13\xC0\x09\xC0\x14\xC0" 400 157 "-" "-"
193.32.162.159 - - [11/Feb/2023:18:52:00 +0000] "GET / HTTP/1.1" 200 18589 "-" "Mozilla/5.0 (Windows NT 10.0; Win64; x64) AppleWebKit/537.36 (KHTML, like Gecko) Chrome/90.0.4430.85 Safari/537.36 Edg/90.0.818.46"
143.110.222.166 - - [11/Feb/2023:19:09:43 +0000] "GET / HTTP/1.1" 200 18589 "-" "Mozilla/5.0 (iPhone; CPU iPhone OS 16_1 like Mac OS X) AppleWebKit/605.1.15 (KHTML, like Gecko) Version/16.1 Mobile/15E148 Safari/604.1"
209.141.48.150 - - [11/Feb/2023:19:10:15 +0000] "POST /boaform/admin/formLogin HTTP/1.1" 404 6622 "http://138.68.128.129:80/admin/login.asp" "Mozilla/5.0 (X11; Ubuntu; Linux x86_64; rv:71.0) Gecko/20100101 Firefox/71.0"
209.141.48.150 - - [11/Feb/2023:19:10:16 +0000] "" 400 0 "-" "-"
143.244.50.172 - - [11/Feb/2023:20:12:39 +0000] "GET /config/getuser?index=0 HTTP/1.1" 404 6622 "-" "Mozilla/5.0 (X11; Ubuntu; Linux x86_64; rv:76.0) Gecko/20100101 Firefox/76.0"
157.55.39.74 - - [11/Feb/2023:20:12:58 +0000] "GET /robots.txt HTTP/1.1" 200 24 "-" "Mozilla/5.0 AppleWebKit/537.36 (KHTML, like Gecko; compatible; bingbot/2.0; +http://www.bing.com/bingbot.htm) Chrome/103.0.5060.134 Safari/537.36"
157.55.39.118 - - [11/Feb/2023:20:13:06 +0000] "GET / HTTP/1.1" 200 18589 "-" "Mozilla/5.0 AppleWebKit/537.36 (KHTML, like Gecko; compatible; bingbot/2.0; +http://www.bing.com/bingbot.htm) Chrome/103.0.5060.134 Safari/537.36"
45.79.181.94 - - [11/Feb/2023:20:46:05 +0000] "\x16\x03\x01\x00\x85\x01\x00\x00\x81\x03\x03\x03t]r^\x09\x5C\x95&\x94" 400 157 "-" "-"
185.246.220.98 - - [11/Feb/2023:20:53:20 +0000] "GET / HTTP/1.1" 200 18589 "-" "Mozilla/5.0 (X11; Ubuntu; Linux x86_64; rv:76.0) Gecko/20100101 Firefox/76.0"
90.151.171.106 - - [11/Feb/2023:21:00:25 +0000] "CONNECT check.best-proxies.ru:443 HTTP/1.1" 400 157 "-" "-"
90.151.171.106 - - [11/Feb/2023:21:00:30 +0000] "\x04\x01\x00P]\xAB\xCEy0\x00" 400 157 "-" "-"
90.151.171.106 - - [11/Feb/2023:21:00:35 +0000] "GET http://check.best-proxies.ru/ip.php?Z73515479132Q1 HTTP/1.1" 404 153 "https://google.com/" "Mozilla/5.0 (Windows NT 6.1; rv:16.0) Gecko/20100101 Firefox/16.0 (+https://best-proxies.ru/faq/#from)"
90.151.171.106 - - [11/Feb/2023:21:00:40 +0000] "\x05\x01\x00" 400 157 "-" "-"
143.110.222.166 - - [11/Feb/2023:21:12:16 +0000] "GET / HTTP/1.1" 200 18589 "-" "Mozilla/5.0 (iPhone; CPU iPhone OS 16_1 like Mac OS X) AppleWebKit/605.1.15 (KHTML, like Gecko) Version/16.1 Mobile/15E148 Safari/604.1"
54.37.79.75 - - [11/Feb/2023:21:12:17 +0000] "POST / HTTP/1.1" 405 885020 "-" "Mozilla/5.0 (X11; Linux x86_64) AppleWebKit/537.36 (KHTML, like Gecko) Chrome/81.0.4044.129 Safari/537.36"
54.37.79.75 - - [11/Feb/2023:21:12:17 +0000] "GET /.env HTTP/1.1" 404 6622 "-" "Mozilla/5.0 (X11; Linux x86_64) AppleWebKit/537.36 (KHTML, like Gecko) Chrome/81.0.4044.129 Safari/537.36"
193.32.162.159 - - [11/Feb/2023:21:26:43 +0000] "GET / HTTP/1.1" 200 18589 "-" "Mozilla/5.0 (Windows NT 10.0; Win64; x64) AppleWebKit/537.36 (KHTML, like Gecko) Chrome/90.0.4430.85 Safari/537.36 Edg/90.0.818.46"
213.255.128.166 - - [11/Feb/2023:22:04:27 +0000] "GET /favicon.ico HTTP/1.1" 304 0 "http://138.68.128.129/" "Mozilla/5.0 (Windows NT 10.0; Win64; x64) AppleWebKit/537.36 (KHTML, like Gecko) Chrome/110.0.0.0 Safari/537.36"
213.255.128.166 - - [11/Feb/2023:22:04:44 +0000] "GET /api/articles HTTP/1.1" 404 6622 "-" "Mozilla/5.0 (Windows NT 10.0; Win64; x64) AppleWebKit/537.36 (KHTML, like Gecko) Chrome/110.0.0.0 Safari/537.36"
213.255.128.166 - - [11/Feb/2023:22:04:56 +0000] "GET /api/article HTTP/1.1" 404 6622 "-" "Mozilla/5.0 (Windows NT 10.0; Win64; x64) AppleWebKit/537.36 (KHTML, like Gecko) Chrome/110.0.0.0 Safari/537.36"
143.110.222.166 - - [11/Feb/2023:22:06:32 +0000] "GET / HTTP/1.1" 200 18589 "-" "Mozilla/5.0 (iPhone; CPU iPhone OS 16_1 like Mac OS X) AppleWebKit/605.1.15 (KHTML, like Gecko) Version/16.1 Mobile/15E148 Safari/604.1"
213.255.128.166 - - [11/Feb/2023:22:08:49 +0000] "GET / HTTP/1.1" 200 18589 "-" "Mozilla/5.0 (Windows NT 10.0; Win64; x64) AppleWebKit/537.36 (KHTML, like Gecko) Chrome/110.0.0.0 Safari/537.36"
64.225.52.21 - - [11/Feb/2023:22:18:45 +0000] "\x16\x03\x01\x00{\x01\x00\x00w\x03\x03\xDF\x9C\xF8\xD9\xB8W\xB0Ru\x02\x13t\x01\xFDaE>*!\xB9\x16\xDC\xC6\x22Oe0|\x82xX\xF8\x00\x00\x1A\xC0/\xC0+\xC0\x11\xC0\x07\xC0\x13\xC0\x09\xC0\x14\xC0" 400 157 "-" "-"
64.225.52.21 - - [11/Feb/2023:22:18:45 +0000] "\x16\x03\x01\x00{\x01\x00\x00w\x03\x03\xE1\xF0\x02\xDC>S\xFD\xF4\x9Cdmmt\xB1\xF6ca\xDDB4h\xC8C\xCBMQ\x04P\x92E,\x9D\x00\x00\x1A\xC0/\xC0+\xC0\x11\xC0\x07\xC0\x13\xC0\x09\xC0\x14\xC0" 400 157 "-" "-"
64.225.52.21 - - [11/Feb/2023:22:18:45 +0000] "GET / HTTP/1.1" 200 18589 "-" "Mozilla/5.0 (Windows NT 10.0; Win64; x64) AppleWebKit/537.36 (KHTML, like Gecko) Chrome/108.0.0.0 Safari/537.36"
64.225.52.21 - - [11/Feb/2023:22:18:46 +0000] "GET /client/get_targets HTTP/1.1" 404 6622 "-" "Mozilla/5.0 (Windows NT 10.0; Win64; x64) AppleWebKit/537.36 (KHTML, like Gecko) Chrome/108.0.0.0 Safari/537.36"
54.37.79.75 - - [11/Feb/2023:22:20:22 +0000] "POST / HTTP/1.1" 405 885020 "-" "Mozilla/5.0 (X11; Linux x86_64) AppleWebKit/537.36 (KHTML, like Gecko) Chrome/81.0.4044.129 Safari/537.36"
54.37.79.75 - - [11/Feb/2023:22:20:23 +0000] "GET /.env HTTP/1.1" 404 6622 "-" "Mozilla/5.0 (X11; Linux x86_64) AppleWebKit/537.36 (KHTML, like Gecko) Chrome/81.0.4044.129 Safari/537.36"
213.255.128.166 - - [11/Feb/2023:22:28:57 +0000] "GET / HTTP/1.1" 200 18589 "-" "Mozilla/5.0 (Windows NT 10.0; Win64; x64) AppleWebKit/537.36 (KHTML, like Gecko) Chrome/110.0.0.0 Safari/537.36"
213.255.128.166 - - [11/Feb/2023:22:29:11 +0000] "GET /api/articles HTTP/1.1" 404 6622 "-" "Mozilla/5.0 (Windows NT 10.0; Win64; x64) AppleWebKit/537.36 (KHTML, like Gecko) Chrome/110.0.0.0 Safari/537.36"
213.255.128.166 - - [11/Feb/2023:22:29:17 +0000] "GET /api/articles HTTP/1.1" 404 6622 "-" "Mozilla/5.0 (Windows NT 10.0; Win64; x64) AppleWebKit/537.36 (KHTML, like Gecko) Chrome/110.0.0.0 Safari/537.36"
213.255.128.166 - - [11/Feb/2023:22:30:07 +0000] "GET /api/articles HTTP/1.1" 404 6622 "-" "Mozilla/5.0 (Windows NT 10.0; Win64; x64) AppleWebKit/537.36 (KHTML, like Gecko) Chrome/110.0.0.0 Safari/537.36"
213.255.128.166 - - [11/Feb/2023:22:32:56 +0000] "GET /api/articles HTTP/1.1" 404 6622 "-" "Mozilla/5.0 (Windows NT 10.0; Win64; x64) AppleWebKit/537.36 (KHTML, like Gecko) Chrome/110.0.0.0 Safari/537.36"
213.255.128.166 - - [11/Feb/2023:22:32:59 +0000] "GET /api/articles HTTP/1.1" 404 6622 "-" "Mozilla/5.0 (Windows NT 10.0; Win64; x64) AppleWebKit/537.36 (KHTML, like Gecko) Chrome/110.0.0.0 Safari/537.36"
213.255.128.166 - - [11/Feb/2023:22:35:17 +0000] "GET / HTTP/1.1" 200 18589 "-" "Mozilla/5.0 (Windows NT 10.0; Win64; x64) AppleWebKit/537.36 (KHTML, like Gecko) Chrome/110.0.0.0 Safari/537.36"
213.255.128.166 - - [11/Feb/2023:22:35:21 +0000] "GET / HTTP/1.1" 200 18589 "-" "Mozilla/5.0 (Windows NT 10.0; Win64; x64) AppleWebKit/537.36 (KHTML, like Gecko) Chrome/110.0.0.0 Safari/537.36"
213.255.128.166 - - [11/Feb/2023:22:35:33 +0000] "GET /api/articles HTTP/1.1" 404 6622 "-" "Mozilla/5.0 (Windows NT 10.0; Win64; x64) AppleWebKit/537.36 (KHTML, like Gecko) Chrome/110.0.0.0 Safari/537.36"
213.255.128.166 - - [11/Feb/2023:22:46:17 +0000] "GET / HTTP/1.1" 200 18589 "-" "Mozilla/5.0 (Windows NT 10.0; Win64; x64) AppleWebKit/537.36 (KHTML, like Gecko) Chrome/110.0.0.0 Safari/537.36"
213.255.128.166 - - [11/Feb/2023:22:46:33 +0000] "GET /api/articles HTTP/1.1" 404 6622 "-" "Mozilla/5.0 (Windows NT 10.0; Win64; x64) AppleWebKit/537.36 (KHTML, like Gecko) Chrome/110.0.0.0 Safari/537.36"
213.255.128.166 - - [11/Feb/2023:22:46:34 +0000] "GET /api/articles HTTP/1.1" 404 6622 "-" "Mozilla/5.0 (Windows NT 10.0; Win64; x64) AppleWebKit/537.36 (KHTML, like Gecko) Chrome/110.0.0.0 Safari/537.36"
192.155.90.118 - - [11/Feb/2023:22:46:39 +0000] "\x16\x03\x01\x00\x85\x01\x00\x00\x81\x03\x03}j\xEA\xBE\x09\xBBT\xEA\xC4\x8DL\x8AL\xE2\x14=\xAF\xFC\x10\x00\xCF" 400 157 "-" "-"
103.169.27.12 - - [11/Feb/2023:22:47:30 +0000] "GET / HTTP/1.1" 200 18589 "-" "Mozilla/5.0 (Windows NT 10.0; WOW64) AppleWebKit/537.36 (KHTML, like Gecko) Chrome/51.0.2704.103 Safari/537.36"
213.255.128.166 - - [11/Feb/2023:22:53:50 +0000] "GET / HTTP/1.1" 200 18589 "-" "Mozilla/5.0 (Windows NT 10.0; Win64; x64) AppleWebKit/537.36 (KHTML, like Gecko) Chrome/110.0.0.0 Safari/537.36"
213.255.128.166 - - [11/Feb/2023:22:53:57 +0000] "GET /favicon.ico HTTP/1.1" 304 0 "http://138.68.128.129/" "Mozilla/5.0 (Windows NT 10.0; Win64; x64) AppleWebKit/537.36 (KHTML, like Gecko) Chrome/110.0.0.0 Safari/537.36"
213.255.128.166 - - [11/Feb/2023:22:54:12 +0000] "GET / HTTP/1.1" 200 18589 "-" "Mozilla/5.0 (Windows NT 10.0; Win64; x64) AppleWebKit/537.36 (KHTML, like Gecko) Chrome/110.0.0.0 Safari/537.36"
34.76.96.55 - - [11/Feb/2023:22:55:35 +0000] "GET / HTTP/1.1" 200 18589 "-" "python-requests/2.28.2"
54.37.79.75 - - [11/Feb/2023:23:10:51 +0000] "POST / HTTP/1.1" 405 885012 "-" "Mozilla/5.0 (X11; Linux x86_64) AppleWebKit/537.36 (KHTML, like Gecko) Chrome/81.0.4044.129 Safari/537.36"
54.37.79.75 - - [11/Feb/2023:23:10:51 +0000] "GET /.env HTTP/1.1" 404 6622 "-" "Mozilla/5.0 (X11; Linux x86_64) AppleWebKit/537.36 (KHTML, like Gecko) Chrome/81.0.4044.129 Safari/537.36"
109.237.96.124 - - [11/Feb/2023:23:12:40 +0000] "POST /_ignition/execute-solution HTTP/1.1" 403 6666 "-" "Mozilla/5.0 (Windows NT 10.0; Win64; x64) AppleWebKit/537.36 (KHTML, like Gecko) Chrome/78.0.3904.108 Safari/537.36"
109.237.96.124 - - [11/Feb/2023:23:12:45 +0000] "POST /_ignition/execute-solution HTTP/1.1" 403 6666 "-" "Mozilla/5.0 (Windows NT 10.0; Win64; x64) AppleWebKit/537.36 (KHTML, like Gecko) Chrome/78.0.3904.108 Safari/537.36"
109.237.96.124 - - [11/Feb/2023:23:12:49 +0000] "POST /_ignition/execute-solution HTTP/1.1" 403 6666 "-" "Mozilla/5.0 (Windows NT 10.0; Win64; x64) AppleWebKit/537.36 (KHTML, like Gecko) Chrome/78.0.3904.108 Safari/537.36"
109.237.96.124 - - [11/Feb/2023:23:12:50 +0000] "POST /_ignition/execute-solution HTTP/1.1" 403 6666 "-" "Mozilla/5.0 (Windows NT 10.0; Win64; x64) AppleWebKit/537.36 (KHTML, like Gecko) Chrome/78.0.3904.108 Safari/537.36"
109.237.96.124 - - [11/Feb/2023:23:12:52 +0000] "POST /_ignition/execute-solution HTTP/1.1" 403 6666 "-" "Mozilla/5.0 (Windows NT 10.0; Win64; x64) AppleWebKit/537.36 (KHTML, like Gecko) Chrome/78.0.3904.108 Safari/537.36"
109.237.96.124 - - [11/Feb/2023:23:12:54 +0000] "POST /_ignition/execute-solution HTTP/1.1" 403 6666 "-" "Mozilla/5.0 (Windows NT 10.0; Win64; x64) AppleWebKit/537.36 (KHTML, like Gecko) Chrome/78.0.3904.108 Safari/537.36"
109.237.96.124 - - [11/Feb/2023:23:12:58 +0000] "POST /_ignition/execute-solution HTTP/1.1" 403 6666 "-" "Mozilla/5.0 (Windows NT 10.0; Win64; x64) AppleWebKit/537.36 (KHTML, like Gecko) Chrome/78.0.3904.108 Safari/537.36"
109.237.96.124 - - [11/Feb/2023:23:13:01 +0000] "POST /_ignition/execute-solution HTTP/1.1" 403 6666 "-" "Mozilla/5.0 (Windows NT 10.0; Win64; x64) AppleWebKit/537.36 (KHTML, like Gecko) Chrome/78.0.3904.108 Safari/537.36"
109.237.96.124 - - [11/Feb/2023:23:13:04 +0000] "POST /_ignition/execute-solution HTTP/1.1" 403 6666 "-" "Mozilla/5.0 (Windows NT 10.0; Win64; x64) AppleWebKit/537.36 (KHTML, like Gecko) Chrome/78.0.3904.108 Safari/537.36"
109.237.96.124 - - [11/Feb/2023:23:13:05 +0000] "POST /_ignition/execute-solution HTTP/1.1" 403 6666 "-" "Mozilla/5.0 (Windows NT 10.0; Win64; x64) AppleWebKit/537.36 (KHTML, like Gecko) Chrome/78.0.3904.108 Safari/537.36"
109.237.96.124 - - [11/Feb/2023:23:13:06 +0000] "POST /_ignition/execute-solution HTTP/1.1" 403 6666 "-" "Mozilla/5.0 (Windows NT 10.0; Win64; x64) AppleWebKit/537.36 (KHTML, like Gecko) Chrome/78.0.3904.108 Safari/537.36"
109.237.96.124 - - [11/Feb/2023:23:13:07 +0000] "POST /_ignition/execute-solution HTTP/1.1" 403 6666 "-" "Mozilla/5.0 (Windows NT 10.0; Win64; x64) AppleWebKit/537.36 (KHTML, like Gecko) Chrome/78.0.3904.108 Safari/537.36"
109.237.96.124 - - [11/Feb/2023:23:13:08 +0000] "POST /_ignition/execute-solution HTTP/1.1" 403 6666 "-" "Mozilla/5.0 (Windows NT 10.0; Win64; x64) AppleWebKit/537.36 (KHTML, like Gecko) Chrome/78.0.3904.108 Safari/537.36"
109.237.96.124 - - [11/Feb/2023:23:13:09 +0000] "POST /_ignition/execute-solution HTTP/1.1" 403 6666 "-" "Mozilla/5.0 (Windows NT 10.0; Win64; x64) AppleWebKit/537.36 (KHTML, like Gecko) Chrome/78.0.3904.108 Safari/537.36"
109.237.96.124 - - [11/Feb/2023:23:13:12 +0000] "POST /_ignition/execute-solution HTTP/1.1" 403 6666 "-" "Mozilla/5.0 (Windows NT 10.0; Win64; x64) AppleWebKit/537.36 (KHTML, like Gecko) Chrome/78.0.3904.108 Safari/537.36"
109.237.96.124 - - [11/Feb/2023:23:13:16 +0000] "POST /_ignition/execute-solution HTTP/1.1" 403 6666 "-" "Mozilla/5.0 (Windows NT 10.0; Win64; x64) AppleWebKit/537.36 (KHTML, like Gecko) Chrome/78.0.3904.108 Safari/537.36"
109.237.96.124 - - [11/Feb/2023:23:13:20 +0000] "POST /_ignition/execute-solution HTTP/1.1" 403 6666 "-" "Mozilla/5.0 (Windows NT 10.0; Win64; x64) AppleWebKit/537.36 (KHTML, like Gecko) Chrome/78.0.3904.108 Safari/537.36"
109.237.96.124 - - [11/Feb/2023:23:13:21 +0000] "POST /_ignition/execute-solution HTTP/1.1" 403 6666 "-" "Mozilla/5.0 (Windows NT 10.0; Win64; x64) AppleWebKit/537.36 (KHTML, like Gecko) Chrome/78.0.3904.108 Safari/537.36"
